ARM Linker, 5.03 [Build 76] [MDK-ARM Lite]

==============================================================================

Section Cross References

    startup.o(STACK) refers (Special) to heapauxi.o(.text) for __use_two_region_memory
    startup.o(HEAP) refers (Special) to heapauxi.o(.text) for __use_two_region_memory
    startup.o(RESET) refers (Special) to heapauxi.o(.text) for __use_two_region_memory
    startup.o(RESET) refers to startup.o(STACK) for StackMem
    startup.o(RESET) refers to spaceinvaders.o(i.SysTick_Handler) for SysTick_Handler
    startup.o(RESET) refers to sound.o(i.Timer2A_Handler) for Timer2A_Handler
    startup.o(RESET) refers to texas.o(i.Timer4A_Handler) for Timer4A_Handler
    startup.o(RESET) refers to texas.o(i.Timer5A_Handler) for Timer5A_Handler
    startup.o(RESET) refers to __main.o(!!!main) for __main
    startup.o(.text) refers (Special) to heapauxi.o(.text) for __use_two_region_memory
    startup.o(.text) refers to startup.o(HEAP) for HeapMem
    startup.o(.text) refers to startup.o(STACK) for StackMem
    nokia5110.o(i.Nokia5110_Clear) refers to nokia5110.o(i.lcdwrite) for lcdwrite
    nokia5110.o(i.Nokia5110_Clear) refers to nokia5110.o(i.Nokia5110_SetCursor) for Nokia5110_SetCursor
    nokia5110.o(i.Nokia5110_ClearBuffer) refers to nokia5110.o(.bss) for Screen
    nokia5110.o(i.Nokia5110_ClearPixel) refers to nokia5110.o(.bss) for Screen
    nokia5110.o(i.Nokia5110_DisplayBuffer) refers to nokia5110.o(i.Nokia5110_DrawFullImage) for Nokia5110_DrawFullImage
    nokia5110.o(i.Nokia5110_DisplayBuffer) refers to nokia5110.o(.bss) for Screen
    nokia5110.o(i.Nokia5110_DrawFullImage) refers to nokia5110.o(i.Nokia5110_SetCursor) for Nokia5110_SetCursor
    nokia5110.o(i.Nokia5110_DrawFullImage) refers to nokia5110.o(i.lcdwrite) for lcdwrite
    nokia5110.o(i.Nokia5110_Init) refers to nokia5110.o(i.lcdwrite) for lcdwrite
    nokia5110.o(i.Nokia5110_OutChar) refers to nokia5110.o(i.lcdwrite) for lcdwrite
    nokia5110.o(i.Nokia5110_OutChar) refers to nokia5110.o(.constdata) for ASCII
    nokia5110.o(i.Nokia5110_OutString) refers to nokia5110.o(i.Nokia5110_OutChar) for Nokia5110_OutChar
    nokia5110.o(i.Nokia5110_OutUDec) refers to nokia5110.o(i.Nokia5110_OutString) for Nokia5110_OutString
    nokia5110.o(i.Nokia5110_OutUDec) refers to nokia5110.o(i.Nokia5110_OutChar) for Nokia5110_OutChar
    nokia5110.o(i.Nokia5110_PrintBMP) refers to nokia5110.o(.bss) for Screen
    nokia5110.o(i.Nokia5110_SetCursor) refers to nokia5110.o(i.lcdwrite) for lcdwrite
    nokia5110.o(i.Nokia5110_SetPixel) refers to nokia5110.o(.bss) for Screen
    random.o(.text) refers to random.o(DATA) for M
    spaceinvaders.o(i.DRAW) refers to nokia5110.o(i.Nokia5110_ClearBuffer) for Nokia5110_ClearBuffer
    spaceinvaders.o(i.DRAW) refers to nokia5110.o(i.Nokia5110_PrintBMP) for Nokia5110_PrintBMP
    spaceinvaders.o(i.DRAW) refers to nokia5110.o(i.Nokia5110_DisplayBuffer) for Nokia5110_DisplayBuffer
    spaceinvaders.o(i.DRAW) refers to spaceinvaders.o(.bss) for Player_Ship
    spaceinvaders.o(i.ENEMY_SHOOT) refers to spaceinvaders.o(.bss) for Enemy_Laser
    spaceinvaders.o(i.ENEMY_SHOOT) refers to spaceinvaders.o(.data) for enemy_laser_count
    spaceinvaders.o(i.LEVELUP_GAMEOVER_CHECK) refers to spaceinvaders.o(.bss) for Player_Ship
    spaceinvaders.o(i.LEVELUP_GAMEOVER_CHECK) refers to spaceinvaders.o(.data) for LEVEL1_FLAG
    spaceinvaders.o(i.MISSILE_LASER_SHOOT_CHECK) refers to sound.o(i.Sound_Killed) for Sound_Killed
    spaceinvaders.o(i.MISSILE_LASER_SHOOT_CHECK) refers to sound.o(i.Sound_Explosion) for Sound_Explosion
    spaceinvaders.o(i.MISSILE_LASER_SHOOT_CHECK) refers to spaceinvaders.o(.bss) for missile
    spaceinvaders.o(i.MISSILE_LASER_SHOOT_CHECK) refers to spaceinvaders.o(.constdata) for SmallExplosion0
    spaceinvaders.o(i.MOVE_L1) refers to spaceinvaders.o(.bss) for missile
    spaceinvaders.o(i.MOVE_L1) refers to spaceinvaders.o(.data) for enemy_right_flag
    spaceinvaders.o(i.MOVE_L2) refers to spaceinvaders.o(.bss) for missile
    spaceinvaders.o(i.MOVE_L2) refers to spaceinvaders.o(.data) for enemy_right_flag
    spaceinvaders.o(i.MOVE_L3) refers to spaceinvaders.o(.bss) for missile
    spaceinvaders.o(i.MOVE_L3) refers to spaceinvaders.o(.data) for enemy_right_flag
    spaceinvaders.o(i.Player_Ship_enemy_missile_explosion_L1_init) refers to spaceinvaders.o(.bss) for enemy
    spaceinvaders.o(i.Player_Ship_enemy_missile_explosion_L1_init) refers to spaceinvaders.o(.constdata) for SmallEnemy10PointA
    spaceinvaders.o(i.Player_Ship_enemy_missile_explosion_L1_init) refers to spaceinvaders.o(.data) for enemy_right_count
    spaceinvaders.o(i.Player_Ship_enemy_missile_explosion_L2_init) refers to spaceinvaders.o(.bss) for enemy
    spaceinvaders.o(i.Player_Ship_enemy_missile_explosion_L2_init) refers to spaceinvaders.o(.constdata) for SmallEnemy20PointA
    spaceinvaders.o(i.Player_Ship_enemy_missile_explosion_L2_init) refers to spaceinvaders.o(.data) for enemy_right_count
    spaceinvaders.o(i.Player_Ship_enemy_missile_explosion_L3_init) refers to spaceinvaders.o(.bss) for enemy
    spaceinvaders.o(i.Player_Ship_enemy_missile_explosion_L3_init) refers to spaceinvaders.o(.constdata) for SmallEnemy30PointA
    spaceinvaders.o(i.Player_Ship_enemy_missile_explosion_L3_init) refers to spaceinvaders.o(.data) for enemy_right_count
    spaceinvaders.o(i.SysTick_Handler) refers to adc.o(i.ADC0_INPUT_SET_X_POS) for ADC0_INPUT_SET_X_POS
    spaceinvaders.o(i.SysTick_Handler) refers to switches.o(i.SW_INPUT) for SW_INPUT
    spaceinvaders.o(i.SysTick_Handler) refers to sound.o(i.Sound_Shoot) for Sound_Shoot
    spaceinvaders.o(i.SysTick_Handler) refers to spaceinvaders.o(i.MOVE_L1) for MOVE_L1
    spaceinvaders.o(i.SysTick_Handler) refers to spaceinvaders.o(i.ENEMY_SHOOT) for ENEMY_SHOOT
    spaceinvaders.o(i.SysTick_Handler) refers to spaceinvaders.o(i.MISSILE_LASER_SHOOT_CHECK) for MISSILE_LASER_SHOOT_CHECK
    spaceinvaders.o(i.SysTick_Handler) refers to spaceinvaders.o(i.LEVELUP_GAMEOVER_CHECK) for LEVELUP_GAMEOVER_CHECK
    spaceinvaders.o(i.SysTick_Handler) refers to spaceinvaders.o(i.MOVE_L2) for MOVE_L2
    spaceinvaders.o(i.SysTick_Handler) refers to spaceinvaders.o(i.MOVE_L3) for MOVE_L3
    spaceinvaders.o(i.SysTick_Handler) refers to spaceinvaders.o(.data) for LEVEL1_FLAG
    spaceinvaders.o(i.SysTick_Handler) refers to spaceinvaders.o(.bss) for Player_Ship
    spaceinvaders.o(i.SysTick_Handler) refers to spaceinvaders.o(.constdata) for Missile0
    spaceinvaders.o(i.main) refers to texas.o(i.TExaS_Init) for TExaS_Init
    spaceinvaders.o(i.main) refers to adc.o(i.ADC_INIT) for ADC_INIT
    spaceinvaders.o(i.main) refers to systick.o(i.Systick_init) for Systick_init
    spaceinvaders.o(i.main) refers to nokia5110.o(i.Nokia5110_Init) for Nokia5110_Init
    spaceinvaders.o(i.main) refers to switches.o(i.SWITCHES_INIT) for SWITCHES_INIT
    spaceinvaders.o(i.main) refers to sound.o(i.Sound_Init) for Sound_Init
    spaceinvaders.o(i.main) refers to startup.o(.text) for EnableInterrupts
    spaceinvaders.o(i.main) refers to nokia5110.o(i.Nokia5110_Clear) for Nokia5110_Clear
    spaceinvaders.o(i.main) refers to nokia5110.o(i.Nokia5110_SetCursor) for Nokia5110_SetCursor
    spaceinvaders.o(i.main) refers to nokia5110.o(i.Nokia5110_OutString) for Nokia5110_OutString
    spaceinvaders.o(i.main) refers to spaceinvaders.o(i.Delay100ms) for Delay100ms
    spaceinvaders.o(i.main) refers to spaceinvaders.o(i.Player_Ship_enemy_missile_explosion_L1_init) for Player_Ship_enemy_missile_explosion_L1_init
    spaceinvaders.o(i.main) refers to spaceinvaders.o(i.DRAW) for DRAW
    spaceinvaders.o(i.main) refers to nokia5110.o(i.Nokia5110_ClearBuffer) for Nokia5110_ClearBuffer
    spaceinvaders.o(i.main) refers to nokia5110.o(i.Nokia5110_DisplayBuffer) for Nokia5110_DisplayBuffer
    spaceinvaders.o(i.main) refers to spaceinvaders.o(i.Player_Ship_enemy_missile_explosion_L2_init) for Player_Ship_enemy_missile_explosion_L2_init
    spaceinvaders.o(i.main) refers to spaceinvaders.o(i.Player_Ship_enemy_missile_explosion_L3_init) for Player_Ship_enemy_missile_explosion_L3_init
    spaceinvaders.o(i.main) refers to spaceinvaders.o(.data) for INSIDE_WHILE_L1
    texas.o(i.SetCode) refers to texas.o(.bss) for TExaS
    texas.o(i.SetCourse) refers to texas.o(.bss) for TExaS
    texas.o(i.SetMode) refers to texas.o(.bss) for TExaS
    texas.o(i.StartTimer4) refers to texas.o(.data) for ScopeCount
    texas.o(i.TExaS_Init) refers to texas.o(i.PLL_Init) for PLL_Init
    texas.o(i.TExaS_Init) refers to texas.o(i.SetCourse) for SetCourse
    texas.o(i.TExaS_Init) refers to texas.o(i.UART0_Init) for UART0_Init
    texas.o(i.TExaS_Init) refers to texas.o(i.SetCode) for SetCode
    texas.o(i.TExaS_Init) refers to texas.o(i.ADC1_Init) for ADC1_Init
    texas.o(i.TExaS_Init) refers to texas.o(.constdata) for IntroMsg
    texas.o(i.TExaS_Init) refers to texas.o(.bss) for TExaS
    texas.o(i.TExaS_Init) refers to texas.o(.data) for LastMode
    texas.o(i.Timer5A_Handler) refers to texas.o(i.ADC1_In) for ADC1_In
    texas.o(i.Timer5A_Handler) refers to texas.o(.data) for TExaS_Period
    sound.o(i.Play) refers to dac.o(i.DAC_Out) for DAC_Out
    sound.o(i.Play) refers to sound.o(.data) for Sound_Count
    sound.o(i.Sound_Explosion) refers to sound.o(i.Sound_Play) for Sound_Play
    sound.o(i.Sound_Explosion) refers to sound.o(.constdata) for explosion
    sound.o(i.Sound_Fastinvader1) refers to sound.o(i.Sound_Play) for Sound_Play
    sound.o(i.Sound_Fastinvader1) refers to sound.o(.constdata) for fastinvader1
    sound.o(i.Sound_Fastinvader2) refers to sound.o(i.Sound_Play) for Sound_Play
    sound.o(i.Sound_Fastinvader2) refers to sound.o(.constdata) for fastinvader2
    sound.o(i.Sound_Fastinvader3) refers to sound.o(i.Sound_Play) for Sound_Play
    sound.o(i.Sound_Fastinvader3) refers to sound.o(.constdata) for fastinvader3
    sound.o(i.Sound_Fastinvader4) refers to sound.o(i.Sound_Play) for Sound_Play
    sound.o(i.Sound_Fastinvader4) refers to sound.o(.constdata) for fastinvader4
    sound.o(i.Sound_Highpitch) refers to sound.o(i.Sound_Play) for Sound_Play
    sound.o(i.Sound_Highpitch) refers to sound.o(.constdata) for highpitch
    sound.o(i.Sound_Init) refers to dac.o(i.DAC_Init) for DAC_Init
    sound.o(i.Sound_Init) refers to timer2.o(i.TIMER2_INIT) for TIMER2_INIT
    sound.o(i.Sound_Init) refers to sound.o(.data) for Index
    sound.o(i.Sound_Killed) refers to sound.o(i.Sound_Play) for Sound_Play
    sound.o(i.Sound_Killed) refers to sound.o(.constdata) for invaderkilled
    sound.o(i.Sound_Play) refers to sound.o(.data) for Wave
    sound.o(i.Sound_Shoot) refers to sound.o(i.Sound_Play) for Sound_Play
    sound.o(i.Sound_Shoot) refers to sound.o(.constdata) for shoot
    sound.o(i.Timer2A_Handler) refers to sound.o(i.Play) for Play
    __main.o(!!!main) refers to rtentry.o(.ARM.Collect$$rtentry$$00000000) for __rt_entry
    rtentry.o(.ARM.Collect$$rtentry$$00000000) refers (Special) to rtentry2.o(.ARM.Collect$$rtentry$$0000000A) for __rt_entry_li
    rtentry.o(.ARM.Collect$$rtentry$$00000000) refers (Special) to rtentry2.o(.ARM.Collect$$rtentry$$0000000D) for __rt_entry_main
    rtentry.o(.ARM.Collect$$rtentry$$00000000) refers (Special) to rtentry2.o(.ARM.Collect$$rtentry$$0000000C) for __rt_entry_postli_1
    rtentry.o(.ARM.Collect$$rtentry$$00000000) refers (Special) to rtentry2.o(.ARM.Collect$$rtentry$$00000009) for __rt_entry_postsh_1
    rtentry.o(.ARM.Collect$$rtentry$$00000000) refers (Special) to rtentry2.o(.ARM.Collect$$rtentry$$00000002) for __rt_entry_presh_1
    rtentry.o(.ARM.Collect$$rtentry$$00000000) refers (Special) to rtentry4.o(.ARM.Collect$$rtentry$$00000004) for __rt_entry_sh
    rtentry2.o(.ARM.Collect$$rtentry$$00000008) refers to boardinit2.o(.text) for _platform_post_stackheap_init
    rtentry2.o(.ARM.Collect$$rtentry$$0000000A) refers to libinit.o(.ARM.Collect$$libinit$$00000000) for __rt_lib_init
    rtentry2.o(.ARM.Collect$$rtentry$$0000000B) refers to boardinit3.o(.text) for _platform_post_lib_init
    rtentry2.o(.ARM.Collect$$rtentry$$0000000D) refers to spaceinvaders.o(i.main) for main
    rtentry2.o(.ARM.Collect$$rtentry$$0000000D) refers to exit.o(.text) for exit
    rtentry2.o(.ARM.exidx) refers to rtentry2.o(.ARM.Collect$$rtentry$$00000001) for .ARM.Collect$$rtentry$$00000001
    rtentry2.o(.ARM.exidx) refers to rtentry2.o(.ARM.Collect$$rtentry$$00000008) for .ARM.Collect$$rtentry$$00000008
    rtentry2.o(.ARM.exidx) refers to rtentry2.o(.ARM.Collect$$rtentry$$0000000A) for .ARM.Collect$$rtentry$$0000000A
    rtentry2.o(.ARM.exidx) refers to rtentry2.o(.ARM.Collect$$rtentry$$0000000B) for .ARM.Collect$$rtentry$$0000000B
    rtentry2.o(.ARM.exidx) refers to rtentry2.o(.ARM.Collect$$rtentry$$0000000D) for .ARM.Collect$$rtentry$$0000000D
    rtentry4.o(.ARM.Collect$$rtentry$$00000004) refers to sys_stackheap_outer.o(.text) for __user_setup_stackheap
    rtentry4.o(.ARM.exidx) refers to rtentry4.o(.ARM.Collect$$rtentry$$00000004) for .ARM.Collect$$rtentry$$00000004
    sys_stackheap_outer.o(.text) refers to libspace.o(.text) for __user_perproc_libspace
    sys_stackheap_outer.o(.text) refers to startup.o(.text) for __user_initial_stackheap
    exit.o(.text) refers to rtexit.o(.ARM.Collect$$rtexit$$00000000) for __rt_exit
    libinit.o(.ARM.Collect$$libinit$$00000000) refers (Special) to libinit2.o(.ARM.Collect$$libinit$$0000002C) for __rt_lib_init_alloca_1
    libinit.o(.ARM.Collect$$libinit$$00000000) refers (Special) to libinit2.o(.ARM.Collect$$libinit$$0000002A) for __rt_lib_init_argv_1
    libinit.o(.ARM.Collect$$libinit$$00000000) refers (Special) to libinit2.o(.ARM.Collect$$libinit$$00000019) for __rt_lib_init_atexit_1
    libinit.o(.ARM.Collect$$libinit$$00000000) refers (Special) to libinit2.o(.ARM.Collect$$libinit$$0000001F) for __rt_lib_init_clock_1
    libinit.o(.ARM.Collect$$libinit$$00000000) refers (Special) to libinit2.o(.ARM.Collect$$libinit$$00000030) for __rt_lib_init_cpp_1
    libinit.o(.ARM.Collect$$libinit$$00000000) refers (Special) to libinit2.o(.ARM.Collect$$libinit$$0000002E) for __rt_lib_init_exceptions_1
    libinit.o(.ARM.Collect$$libinit$$00000000) refers (Special) to libinit2.o(.ARM.Collect$$libinit$$00000002) for __rt_lib_init_fp_1
    libinit.o(.ARM.Collect$$libinit$$00000000) refers (Special) to libinit2.o(.ARM.Collect$$libinit$$0000001D) for __rt_lib_init_fp_trap_1
    libinit.o(.ARM.Collect$$libinit$$00000000) refers (Special) to libinit2.o(.ARM.Collect$$libinit$$00000021) for __rt_lib_init_getenv_1
    libinit.o(.ARM.Collect$$libinit$$00000000) refers (Special) to libinit2.o(.ARM.Collect$$libinit$$00000008) for __rt_lib_init_heap_1
    libinit.o(.ARM.Collect$$libinit$$00000000) refers (Special) to libinit2.o(.ARM.Collect$$libinit$$0000000F) for __rt_lib_init_lc_collate_1
    libinit.o(.ARM.Collect$$libinit$$00000000) refers (Special) to libinit2.o(.ARM.Collect$$libinit$$00000011) for __rt_lib_init_lc_ctype_1
    libinit.o(.ARM.Collect$$libinit$$00000000) refers (Special) to libinit2.o(.ARM.Collect$$libinit$$00000013) for __rt_lib_init_lc_monetary_1
    libinit.o(.ARM.Collect$$libinit$$00000000) refers (Special) to libinit2.o(.ARM.Collect$$libinit$$00000015) for __rt_lib_init_lc_numeric_1
    libinit.o(.ARM.Collect$$libinit$$00000000) refers (Special) to libinit2.o(.ARM.Collect$$libinit$$00000017) for __rt_lib_init_lc_time_1
    libinit.o(.ARM.Collect$$libinit$$00000000) refers (Special) to libinit2.o(.ARM.Collect$$libinit$$0000000C) for __rt_lib_init_rand_1
    libinit.o(.ARM.Collect$$libinit$$00000000) refers (Special) to libinit2.o(.ARM.Collect$$libinit$$00000031) for __rt_lib_init_return
    libinit.o(.ARM.Collect$$libinit$$00000000) refers (Special) to libinit2.o(.ARM.Collect$$libinit$$0000001B) for __rt_lib_init_signal_1
    libinit.o(.ARM.Collect$$libinit$$00000000) refers (Special) to libinit2.o(.ARM.Collect$$libinit$$00000023) for __rt_lib_init_stdio_1
    libinit.o(.ARM.Collect$$libinit$$00000000) refers (Special) to libinit2.o(.ARM.Collect$$libinit$$0000000A) for __rt_lib_init_user_alloc_1
    libspace.o(.text) refers to libspace.o(.bss) for __libspace_start
    rtexit.o(.ARM.Collect$$rtexit$$00000000) refers (Special) to rtexit2.o(.ARM.Collect$$rtexit$$00000004) for __rt_exit_exit
    rtexit.o(.ARM.Collect$$rtexit$$00000000) refers (Special) to rtexit2.o(.ARM.Collect$$rtexit$$00000003) for __rt_exit_ls
    rtexit.o(.ARM.Collect$$rtexit$$00000000) refers (Special) to rtexit2.o(.ARM.Collect$$rtexit$$00000002) for __rt_exit_prels_1
    rtexit.o(.ARM.exidx) refers (Special) to rtexit2.o(.ARM.Collect$$rtexit$$00000004) for __rt_exit_exit
    rtexit.o(.ARM.exidx) refers (Special) to rtexit2.o(.ARM.Collect$$rtexit$$00000003) for __rt_exit_ls
    rtexit.o(.ARM.exidx) refers (Special) to rtexit2.o(.ARM.Collect$$rtexit$$00000002) for __rt_exit_prels_1
    rtexit.o(.ARM.exidx) refers to rtexit.o(.ARM.Collect$$rtexit$$00000000) for .ARM.Collect$$rtexit$$00000000
    libinit2.o(.ARM.Collect$$libinit$$0000000E) refers to libinit2.o(.ARM.Collect$$libinit$$0000000D) for .ARM.Collect$$libinit$$0000000D
    libinit2.o(.ARM.Collect$$libinit$$00000010) refers to libinit2.o(.ARM.Collect$$libinit$$0000000D) for .ARM.Collect$$libinit$$0000000D
    libinit2.o(.ARM.Collect$$libinit$$00000012) refers to libinit2.o(.ARM.Collect$$libinit$$0000000D) for .ARM.Collect$$libinit$$0000000D
    libinit2.o(.ARM.Collect$$libinit$$00000014) refers to libinit2.o(.ARM.Collect$$libinit$$0000000D) for .ARM.Collect$$libinit$$0000000D
    libinit2.o(.ARM.Collect$$libinit$$00000016) refers to libinit2.o(.ARM.Collect$$libinit$$0000000D) for .ARM.Collect$$libinit$$0000000D
    libinit2.o(.ARM.Collect$$libinit$$00000024) refers to argv_veneer.o(.emb_text) for __ARM_argv_veneer
    libinit2.o(.ARM.Collect$$libinit$$00000025) refers to argv_veneer.o(.emb_text) for __ARM_argv_veneer
    rtexit2.o(.ARM.Collect$$rtexit$$00000003) refers to libshutdown.o(.ARM.Collect$$libshutdown$$00000000) for __rt_lib_shutdown
    rtexit2.o(.ARM.Collect$$rtexit$$00000004) refers to sys_exit.o(.text) for _sys_exit
    rtexit2.o(.ARM.exidx) refers to rtexit2.o(.ARM.Collect$$rtexit$$00000001) for .ARM.Collect$$rtexit$$00000001
    rtexit2.o(.ARM.exidx) refers to rtexit2.o(.ARM.Collect$$rtexit$$00000003) for .ARM.Collect$$rtexit$$00000003
    rtexit2.o(.ARM.exidx) refers to rtexit2.o(.ARM.Collect$$rtexit$$00000004) for .ARM.Collect$$rtexit$$00000004
    argv_veneer.o(.emb_text) refers to no_argv.o(.text) for __ARM_get_argv
    sys_exit.o(.text) refers (Special) to use_no_semi.o(.text) for __I$use$semihosting
    sys_exit.o(.text) refers (Special) to indicate_semi.o(.text) for __semihosting_library_function
    _get_argv_nomalloc.o(.text) refers (Special) to hrguard.o(.text) for __heap_region$guard
    _get_argv_nomalloc.o(.text) refers to defsig_rtmem_outer.o(.text) for __rt_SIGRTMEM
    _get_argv_nomalloc.o(.text) refers to sys_command.o(.text) for _sys_command_string
    libshutdown.o(.ARM.Collect$$libshutdown$$00000000) refers (Special) to libshutdown2.o(.ARM.Collect$$libshutdown$$00000006) for __rt_lib_shutdown_fp_trap_1
    libshutdown.o(.ARM.Collect$$libshutdown$$00000000) refers (Special) to libshutdown2.o(.ARM.Collect$$libshutdown$$0000000E) for __rt_lib_shutdown_heap_1
    libshutdown.o(.ARM.Collect$$libshutdown$$00000000) refers (Special) to libshutdown2.o(.ARM.Collect$$libshutdown$$0000000F) for __rt_lib_shutdown_return
    libshutdown.o(.ARM.Collect$$libshutdown$$00000000) refers (Special) to libshutdown2.o(.ARM.Collect$$libshutdown$$00000009) for __rt_lib_shutdown_signal_1
    libshutdown.o(.ARM.Collect$$libshutdown$$00000000) refers (Special) to libshutdown2.o(.ARM.Collect$$libshutdown$$00000003) for __rt_lib_shutdown_stdio_1
    libshutdown.o(.ARM.Collect$$libshutdown$$00000000) refers (Special) to libshutdown2.o(.ARM.Collect$$libshutdown$$0000000B) for __rt_lib_shutdown_user_alloc_1
    sys_command.o(.text) refers (Special) to use_no_semi.o(.text) for __I$use$semihosting
    sys_command.o(.text) refers (Special) to indicate_semi.o(.text) for __semihosting_library_function
    defsig_rtmem_outer.o(.text) refers to defsig_rtmem_inner.o(.text) for __rt_SIGRTMEM_inner
    defsig_rtmem_outer.o(.text) refers to defsig_exit.o(.text) for __sig_exit
    defsig_rtmem_formal.o(.text) refers to rt_raise.o(.text) for __rt_raise
    rt_raise.o(.text) refers to __raise.o(.text) for __raise
    rt_raise.o(.text) refers to sys_exit.o(.text) for _sys_exit
    defsig_exit.o(.text) refers to sys_exit.o(.text) for _sys_exit
    defsig_rtmem_inner.o(.text) refers to defsig_general.o(.text) for __default_signal_display
    __raise.o(.text) refers to defsig.o(CL$$defsig) for __default_signal_handler
    defsig_general.o(.text) refers to sys_wrch.o(.text) for _ttywrch
    sys_wrch.o(.text) refers (Special) to use_no_semi.o(.text) for __I$use$semihosting
    sys_wrch.o(.text) refers (Special) to indicate_semi.o(.text) for __semihosting_library_function
    defsig.o(CL$$defsig) refers to defsig_rtmem_inner.o(.text) for __rt_SIGRTMEM_inner
    defsig_abrt_inner.o(.text) refers to defsig_general.o(.text) for __default_signal_display
    defsig_fpe_inner.o(.text) refers to defsig_general.o(.text) for __default_signal_display
    defsig_rtred_inner.o(.text) refers to defsig_general.o(.text) for __default_signal_display
    defsig_stak_inner.o(.text) refers to defsig_general.o(.text) for __default_signal_display
    defsig_pvfn_inner.o(.text) refers to defsig_general.o(.text) for __default_signal_display
    defsig_cppl_inner.o(.text) refers to defsig_general.o(.text) for __default_signal_display
    defsig_segv_inner.o(.text) refers to defsig_general.o(.text) for __default_signal_display
    defsig_other.o(.text) refers to defsig_general.o(.text) for __default_signal_display


==============================================================================

Removing Unused input sections from the image.

    Removing nokia5110.o(i.Nokia5110_ClearPixel), (68 bytes).
    Removing nokia5110.o(i.Nokia5110_OutUDec), (412 bytes).
    Removing nokia5110.o(i.Nokia5110_SetPixel), (68 bytes).
    Removing random.o(DATA), (4 bytes).
    Removing random.o(.text), (60 bytes).
    Removing texas.o(i.SetMode), (24 bytes).
    Removing texas.o(i.StartTimer4), (36 bytes).
    Removing texas.o(i.StopTimer4), (24 bytes).
    Removing texas.o(i.TExaS_Stop), (28 bytes).
    Removing texas.o(i.UART0_InChar), (24 bytes).
    Removing texas.o(i.UART0_InCharNonBlocking), (28 bytes).
    Removing texas.o(i.UART0_OutChar), (24 bytes).
    Removing texas.o(i.UART0_OutCharNonBlock), (12 bytes).
    Removing texas.o(i.copy), (18 bytes).
    Removing systick.o(.constdata), (480 bytes).
    Removing sound.o(i.Sound_Fastinvader1), (20 bytes).
    Removing sound.o(i.Sound_Fastinvader2), (20 bytes).
    Removing sound.o(i.Sound_Fastinvader3), (20 bytes).
    Removing sound.o(i.Sound_Fastinvader4), (20 bytes).
    Removing sound.o(i.Sound_Highpitch), (20 bytes).

20 unused section(s) (total 1410 bytes) removed from the image.

==============================================================================

Image Symbol Table

    Local Symbols

    Symbol Name                              Value     Ov Type        Size  Object(Section)

    RESET                                    0x00000000   Section      644  startup.o(RESET)
    ../clib/angel/boardlib.s                 0x00000000   Number         0  boardshut.o ABSOLUTE
    ../clib/angel/boardlib.s                 0x00000000   Number         0  boardinit3.o ABSOLUTE
    ../clib/angel/boardlib.s                 0x00000000   Number         0  boardinit2.o ABSOLUTE
    ../clib/angel/boardlib.s                 0x00000000   Number         0  boardinit1.o ABSOLUTE
    ../clib/angel/handlers.s                 0x00000000   Number         0  __scatter_zi.o ABSOLUTE
    ../clib/angel/handlers.s                 0x00000000   Number         0  __scatter_copy.o ABSOLUTE
    ../clib/angel/kernel.s                   0x00000000   Number         0  rtexit2.o ABSOLUTE
    ../clib/angel/kernel.s                   0x00000000   Number         0  rtexit.o ABSOLUTE
    ../clib/angel/kernel.s                   0x00000000   Number         0  rtentry.o ABSOLUTE
    ../clib/angel/kernel.s                   0x00000000   Number         0  rtentry2.o ABSOLUTE
    ../clib/angel/kernel.s                   0x00000000   Number         0  rtentry4.o ABSOLUTE
    ../clib/angel/rt.s                       0x00000000   Number         0  rt_raise.o ABSOLUTE
    ../clib/angel/scatter.s                  0x00000000   Number         0  __scatter.o ABSOLUTE
    ../clib/angel/startup.s                  0x00000000   Number         0  __main.o ABSOLUTE
    ../clib/angel/sys.s                      0x00000000   Number         0  libspace.o ABSOLUTE
    ../clib/angel/sys.s                      0x00000000   Number         0  use_no_semi.o ABSOLUTE
    ../clib/angel/sys.s                      0x00000000   Number         0  indicate_semi.o ABSOLUTE
    ../clib/angel/sys.s                      0x00000000   Number         0  sys_stackheap_outer.o ABSOLUTE
    ../clib/angel/sysapp.c                   0x00000000   Number         0  sys_exit.o ABSOLUTE
    ../clib/angel/sysapp.c                   0x00000000   Number         0  sys_command.o ABSOLUTE
    ../clib/angel/sysapp.c                   0x00000000   Number         0  sys_wrch.o ABSOLUTE
    ../clib/armsys.c                         0x00000000   Number         0  no_argv.o ABSOLUTE
    ../clib/armsys.c                         0x00000000   Number         0  argv_veneer.o ABSOLUTE
    ../clib/armsys.c                         0x00000000   Number         0  argv_veneer.o ABSOLUTE
    ../clib/armsys.c                         0x00000000   Number         0  _get_argv_nomalloc.o ABSOLUTE
    ../clib/heapalloc.c                      0x00000000   Number         0  hrguard.o ABSOLUTE
    ../clib/heapaux.c                        0x00000000   Number         0  heapauxi.o ABSOLUTE
    ../clib/libinit.s                        0x00000000   Number         0  libshutdown.o ABSOLUTE
    ../clib/libinit.s                        0x00000000   Number         0  libinit2.o ABSOLUTE
    ../clib/libinit.s                        0x00000000   Number         0  libinit.o ABSOLUTE
    ../clib/libinit.s                        0x00000000   Number         0  libshutdown2.o ABSOLUTE
    ../clib/signal.c                         0x00000000   Number         0  defsig_fpe_inner.o ABSOLUTE
    ../clib/signal.c                         0x00000000   Number         0  defsig_other.o ABSOLUTE
    ../clib/signal.c                         0x00000000   Number         0  defsig_segv_inner.o ABSOLUTE
    ../clib/signal.c                         0x00000000   Number         0  defsig_cppl_inner.o ABSOLUTE
    ../clib/signal.c                         0x00000000   Number         0  defsig_pvfn_inner.o ABSOLUTE
    ../clib/signal.c                         0x00000000   Number         0  defsig_stak_inner.o ABSOLUTE
    ../clib/signal.c                         0x00000000   Number         0  defsig_rtred_inner.o ABSOLUTE
    ../clib/signal.c                         0x00000000   Number         0  defsig_abrt_inner.o ABSOLUTE
    ../clib/signal.c                         0x00000000   Number         0  defsig_general.o ABSOLUTE
    ../clib/signal.c                         0x00000000   Number         0  __raise.o ABSOLUTE
    ../clib/signal.c                         0x00000000   Number         0  defsig_exit.o ABSOLUTE
    ../clib/signal.c                         0x00000000   Number         0  defsig_rtmem_formal.o ABSOLUTE
    ../clib/signal.c                         0x00000000   Number         0  defsig_rtmem_outer.o ABSOLUTE
    ../clib/signal.c                         0x00000000   Number         0  defsig_rtmem_inner.o ABSOLUTE
    ../clib/signal.s                         0x00000000   Number         0  defsig.o ABSOLUTE
    ../clib/stdlib.c                         0x00000000   Number         0  exit.o ABSOLUTE
    ../fplib/fpinit.s                        0x00000000   Number         0  fpinit.o ABSOLUTE
    ADC.c                                    0x00000000   Number         0  adc.o ABSOLUTE
    DAC.c                                    0x00000000   Number         0  dac.o ABSOLUTE
    Nokia5110.c                              0x00000000   Number         0  nokia5110.o ABSOLUTE
    SWITCHES.c                               0x00000000   Number         0  switches.o ABSOLUTE
    SYSTICK.c                                0x00000000   Number         0  systick.o ABSOLUTE
    Sound.c                                  0x00000000   Number         0  sound.o ABSOLUTE
    SpaceInvaders.c                          0x00000000   Number         0  spaceinvaders.o ABSOLUTE
    TExaS.c                                  0x00000000   Number         0  texas.o ABSOLUTE
    TIMER2.c                                 0x00000000   Number         0  timer2.o ABSOLUTE
    dc.s                                     0x00000000   Number         0  dc.o ABSOLUTE
    random.s                                 0x00000000   Number         0  random.o ABSOLUTE
    startup.s                                0x00000000   Number         0  startup.o ABSOLUTE
    !!!main                                  0x00000284   Section        8  __main.o(!!!main)
    !!!scatter                               0x0000028c   Section       52  __scatter.o(!!!scatter)
    !!handler_copy                           0x000002c0   Section       26  __scatter_copy.o(!!handler_copy)
    !!handler_zi                             0x000002dc   Section       28  __scatter_zi.o(!!handler_zi)
    .ARM.Collect$$libinit$$00000000          0x000002f8   Section        2  libinit.o(.ARM.Collect$$libinit$$00000000)
    .ARM.Collect$$libinit$$00000002          0x000002fa   Section        0  libinit2.o(.ARM.Collect$$libinit$$00000002)
    .ARM.Collect$$libinit$$00000008          0x000002fa   Section        0  libinit2.o(.ARM.Collect$$libinit$$00000008)
    .ARM.Collect$$libinit$$0000000A          0x000002fa   Section        0  libinit2.o(.ARM.Collect$$libinit$$0000000A)
    .ARM.Collect$$libinit$$0000000C          0x000002fa   Section        0  libinit2.o(.ARM.Collect$$libinit$$0000000C)
    .ARM.Collect$$libinit$$0000000F          0x000002fa   Section        0  libinit2.o(.ARM.Collect$$libinit$$0000000F)
    .ARM.Collect$$libinit$$00000011          0x000002fa   Section        0  libinit2.o(.ARM.Collect$$libinit$$00000011)
    .ARM.Collect$$libinit$$00000013          0x000002fa   Section        0  libinit2.o(.ARM.Collect$$libinit$$00000013)
    .ARM.Collect$$libinit$$00000015          0x000002fa   Section        0  libinit2.o(.ARM.Collect$$libinit$$00000015)
    .ARM.Collect$$libinit$$00000017          0x000002fa   Section        0  libinit2.o(.ARM.Collect$$libinit$$00000017)
    .ARM.Collect$$libinit$$00000019          0x000002fa   Section        0  libinit2.o(.ARM.Collect$$libinit$$00000019)
    .ARM.Collect$$libinit$$0000001B          0x000002fa   Section        0  libinit2.o(.ARM.Collect$$libinit$$0000001B)
    .ARM.Collect$$libinit$$0000001D          0x000002fa   Section        0  libinit2.o(.ARM.Collect$$libinit$$0000001D)
    .ARM.Collect$$libinit$$0000001F          0x000002fa   Section        0  libinit2.o(.ARM.Collect$$libinit$$0000001F)
    .ARM.Collect$$libinit$$00000021          0x000002fa   Section        0  libinit2.o(.ARM.Collect$$libinit$$00000021)
    .ARM.Collect$$libinit$$00000023          0x000002fa   Section        0  libinit2.o(.ARM.Collect$$libinit$$00000023)
    .ARM.Collect$$libinit$$0000002A          0x000002fa   Section        0  libinit2.o(.ARM.Collect$$libinit$$0000002A)
    .ARM.Collect$$libinit$$0000002C          0x000002fa   Section        0  libinit2.o(.ARM.Collect$$libinit$$0000002C)
    .ARM.Collect$$libinit$$0000002E          0x000002fa   Section        0  libinit2.o(.ARM.Collect$$libinit$$0000002E)
    .ARM.Collect$$libinit$$00000030          0x000002fa   Section        0  libinit2.o(.ARM.Collect$$libinit$$00000030)
    .ARM.Collect$$libinit$$00000031          0x000002fa   Section        2  libinit2.o(.ARM.Collect$$libinit$$00000031)
    .ARM.Collect$$libshutdown$$00000000      0x000002fc   Section        2  libshutdown.o(.ARM.Collect$$libshutdown$$00000000)
    .ARM.Collect$$libshutdown$$00000003      0x000002fe   Section        0  libshutdown2.o(.ARM.Collect$$libshutdown$$00000003)
    .ARM.Collect$$libshutdown$$00000006      0x000002fe   Section        0  libshutdown2.o(.ARM.Collect$$libshutdown$$00000006)
    .ARM.Collect$$libshutdown$$00000009      0x000002fe   Section        0  libshutdown2.o(.ARM.Collect$$libshutdown$$00000009)
    .ARM.Collect$$libshutdown$$0000000B      0x000002fe   Section        0  libshutdown2.o(.ARM.Collect$$libshutdown$$0000000B)
    .ARM.Collect$$libshutdown$$0000000E      0x000002fe   Section        0  libshutdown2.o(.ARM.Collect$$libshutdown$$0000000E)
    .ARM.Collect$$libshutdown$$0000000F      0x000002fe   Section        2  libshutdown2.o(.ARM.Collect$$libshutdown$$0000000F)
    .ARM.Collect$$rtentry$$00000000          0x00000300   Section        0  rtentry.o(.ARM.Collect$$rtentry$$00000000)
    .ARM.Collect$$rtentry$$00000002          0x00000300   Section        0  rtentry2.o(.ARM.Collect$$rtentry$$00000002)
    .ARM.Collect$$rtentry$$00000004          0x00000300   Section        6  rtentry4.o(.ARM.Collect$$rtentry$$00000004)
    .ARM.Collect$$rtentry$$00000009          0x00000306   Section        0  rtentry2.o(.ARM.Collect$$rtentry$$00000009)
    .ARM.Collect$$rtentry$$0000000A          0x00000306   Section        4  rtentry2.o(.ARM.Collect$$rtentry$$0000000A)
    .ARM.Collect$$rtentry$$0000000C          0x0000030a   Section        0  rtentry2.o(.ARM.Collect$$rtentry$$0000000C)
    .ARM.Collect$$rtentry$$0000000D          0x0000030a   Section        8  rtentry2.o(.ARM.Collect$$rtentry$$0000000D)
    .ARM.Collect$$rtexit$$00000000           0x00000312   Section        2  rtexit.o(.ARM.Collect$$rtexit$$00000000)
    .ARM.Collect$$rtexit$$00000002           0x00000314   Section        0  rtexit2.o(.ARM.Collect$$rtexit$$00000002)
    .ARM.Collect$$rtexit$$00000003           0x00000314   Section        4  rtexit2.o(.ARM.Collect$$rtexit$$00000003)
    .ARM.Collect$$rtexit$$00000004           0x00000318   Section        6  rtexit2.o(.ARM.Collect$$rtexit$$00000004)
    .text                                    0x00000320   Section       48  startup.o(.text)
    .text                                    0x00000350   Section        0  heapauxi.o(.text)
    .text                                    0x00000356   Section       74  sys_stackheap_outer.o(.text)
    .text                                    0x000003a0   Section        0  exit.o(.text)
    .text                                    0x000003ac   Section        8  libspace.o(.text)
    .text                                    0x000003b4   Section        0  sys_exit.o(.text)
    .text                                    0x000003c0   Section        2  use_no_semi.o(.text)
    .text                                    0x000003c2   Section        0  indicate_semi.o(.text)
    i.ADC0_INPUT_SET_X_POS                   0x000003c4   Section        0  adc.o(i.ADC0_INPUT_SET_X_POS)
    i.ADC1_In                                0x000004a8   Section        0  texas.o(i.ADC1_In)
    i.ADC1_Init                              0x000004b4   Section        0  texas.o(i.ADC1_Init)
    i.ADC_INIT                               0x00000588   Section        0  adc.o(i.ADC_INIT)
    i.DAC_Init                               0x00000660   Section        0  dac.o(i.DAC_Init)
    i.DAC_Out                                0x000006e0   Section        0  dac.o(i.DAC_Out)
    i.DRAW                                   0x000006ec   Section        0  spaceinvaders.o(i.DRAW)
    i.Delay100ms                             0x000007f0   Section        0  spaceinvaders.o(i.Delay100ms)
    i.ENEMY_SHOOT                            0x00000814   Section        0  spaceinvaders.o(i.ENEMY_SHOOT)
    i.LEVELUP_GAMEOVER_CHECK                 0x0000091c   Section        0  spaceinvaders.o(i.LEVELUP_GAMEOVER_CHECK)
    i.MISSILE_LASER_SHOOT_CHECK              0x00000a28   Section        0  spaceinvaders.o(i.MISSILE_LASER_SHOOT_CHECK)
    i.MOVE_L1                                0x00000b7c   Section        0  spaceinvaders.o(i.MOVE_L1)
    i.MOVE_L2                                0x00000d40   Section        0  spaceinvaders.o(i.MOVE_L2)
    i.MOVE_L3                                0x00000ef8   Section        0  spaceinvaders.o(i.MOVE_L3)
    i.Nokia5110_Clear                        0x000010bc   Section        0  nokia5110.o(i.Nokia5110_Clear)
    i.Nokia5110_ClearBuffer                  0x000010dc   Section        0  nokia5110.o(i.Nokia5110_ClearBuffer)
    i.Nokia5110_DisplayBuffer                0x000010f4   Section        0  nokia5110.o(i.Nokia5110_DisplayBuffer)
    i.Nokia5110_DrawFullImage                0x00001104   Section        0  nokia5110.o(i.Nokia5110_DrawFullImage)
    i.Nokia5110_Init                         0x00001128   Section        0  nokia5110.o(i.Nokia5110_Init)
    i.Nokia5110_OutChar                      0x00001294   Section        0  nokia5110.o(i.Nokia5110_OutChar)
    i.Nokia5110_OutString                    0x000012cc   Section        0  nokia5110.o(i.Nokia5110_OutString)
    i.Nokia5110_PrintBMP                     0x000012e4   Section        0  nokia5110.o(i.Nokia5110_PrintBMP)
    i.Nokia5110_SetCursor                    0x0000148c   Section        0  nokia5110.o(i.Nokia5110_SetCursor)
    i.PLL_Init                               0x000014bc   Section        0  texas.o(i.PLL_Init)
    i.Play                                   0x00001538   Section        0  sound.o(i.Play)
    i.Player_Ship_enemy_missile_explosion_L1_init 0x00001580   Section        0  spaceinvaders.o(i.Player_Ship_enemy_missile_explosion_L1_init)
    i.Player_Ship_enemy_missile_explosion_L2_init 0x000016dc   Section        0  spaceinvaders.o(i.Player_Ship_enemy_missile_explosion_L2_init)
    i.Player_Ship_enemy_missile_explosion_L3_init 0x00001820   Section        0  spaceinvaders.o(i.Player_Ship_enemy_missile_explosion_L3_init)
    i.SWITCHES_INIT                          0x00001964   Section        0  switches.o(i.SWITCHES_INIT)
    i.SW_INPUT                               0x000019b4   Section        0  switches.o(i.SW_INPUT)
    i.SetCode                                0x000019e4   Section        0  texas.o(i.SetCode)
    i.SetCourse                              0x000019fc   Section        0  texas.o(i.SetCourse)
    i.Sound_Explosion                        0x00001a14   Section        0  sound.o(i.Sound_Explosion)
    i.Sound_Init                             0x00001a28   Section        0  sound.o(i.Sound_Init)
    i.Sound_Killed                           0x00001a48   Section        0  sound.o(i.Sound_Killed)
    i.Sound_Play                             0x00001a5c   Section        0  sound.o(i.Sound_Play)
    i.Sound_Shoot                            0x00001a90   Section        0  sound.o(i.Sound_Shoot)
    i.SysTick_Handler                        0x00001aa4   Section        0  spaceinvaders.o(i.SysTick_Handler)
    i.Systick_init                           0x00001cbc   Section        0  systick.o(i.Systick_init)
    i.TExaS_Init                             0x00001cf0   Section        0  texas.o(i.TExaS_Init)
    i.TIMER2_INIT                            0x00001eb4   Section        0  timer2.o(i.TIMER2_INIT)
    i.Timer2A_Handler                        0x00001f20   Section        0  sound.o(i.Timer2A_Handler)
    i.Timer4A_Handler                        0x00001f34   Section        0  texas.o(i.Timer4A_Handler)
    i.Timer5A_Handler                        0x00001f54   Section        0  texas.o(i.Timer5A_Handler)
    i.UART0_Init                             0x00001f84   Section        0  texas.o(i.UART0_Init)
    i.lcdwrite                               0x00002044   Section        0  nokia5110.o(i.lcdwrite)
    lcdwrite                                 0x00002045   Thumb Code    66  nokia5110.o(i.lcdwrite)
    i.main                                   0x00002090   Section        0  spaceinvaders.o(i.main)
    .constdata                               0x000022b0   Section      480  nokia5110.o(.constdata)
    ASCII                                    0x000022b0   Data         480  nokia5110.o(.constdata)
    .constdata                               0x00002490   Section     4411  spaceinvaders.o(.constdata)
    ASCII                                    0x000033eb   Data         480  spaceinvaders.o(.constdata)
    .constdata                               0x000035cb   Section      360  texas.o(.constdata)
    .constdata                               0x00003733   Section    15435  sound.o(.constdata)
    .data                                    0x20000000   Section      100  spaceinvaders.o(.data)
    .data                                    0x20000064   Section       52  texas.o(.data)
    .data                                    0x20000098   Section       12  sound.o(.data)
    .bss                                     0x200000a4   Section      504  nokia5110.o(.bss)
    .bss                                     0x2000029c   Section      288  spaceinvaders.o(.bss)
    .bss                                     0x200003c0   Section       56  texas.o(.bss)
    .bss                                     0x200003f8   Section       96  libspace.o(.bss)
    HEAP                                     0x20000458   Section        0  startup.o(HEAP)
    STACK                                    0x20000458   Section     1024  startup.o(STACK)
    HeapMem                                  0x20000458   Data           0  startup.o(HEAP)
    StackMem                                 0x20000458   Data           0  startup.o(STACK)

    Global Symbols

    Symbol Name                              Value     Ov Type        Size  Object(Section)

    BuildAttributes$$THM_ISAv4$E$P$D$K$B$S$7EM$PE$A:L22UL41UL21$X:L11$S22US41US21$IEEE1$IW$USESV6$~STKCKD$USESV7$~SHL$OSPACE$ROPI$EBA8$UX$STANDARDLIB$REQ8$PRES8$EABIv2 0x00000000   Number         0  anon$$obj.o ABSOLUTE
    __ARM_use_no_argv                        0x00000000   Number         0  spaceinvaders.o ABSOLUTE
    __Vectors                                0x00000000   Data           0  startup.o(RESET)
    __ARM_exceptions_init                     - Undefined Weak Reference
    __alloca_initialize                       - Undefined Weak Reference
    __cpp_initialize__aeabi_                  - Undefined Weak Reference
    __cxa_finalize                            - Undefined Weak Reference
    __rt_locale                               - Undefined Weak Reference
    __sigvec_lookup                           - Undefined Weak Reference
    _atexit_init                              - Undefined Weak Reference
    _call_atexit_fns                          - Undefined Weak Reference
    _clock_init                               - Undefined Weak Reference
    _fp_trap_init                             - Undefined Weak Reference
    _fp_trap_shutdown                         - Undefined Weak Reference
    _get_lc_collate                           - Undefined Weak Reference
    _get_lc_ctype                             - Undefined Weak Reference
    _get_lc_monetary                          - Undefined Weak Reference
    _get_lc_numeric                           - Undefined Weak Reference
    _get_lc_time                              - Undefined Weak Reference
    _getenv_init                              - Undefined Weak Reference
    _handle_redirection                       - Undefined Weak Reference
    _init_alloc                               - Undefined Weak Reference
    _init_user_alloc                          - Undefined Weak Reference
    _initio                                   - Undefined Weak Reference
    _rand_init                                - Undefined Weak Reference
    _signal_finish                            - Undefined Weak Reference
    _signal_init                              - Undefined Weak Reference
    _terminate_alloc                          - Undefined Weak Reference
    _terminate_user_alloc                     - Undefined Weak Reference
    _terminateio                              - Undefined Weak Reference
    Reset_Handler                            0x0000026d   Thumb Code     0  startup.o(RESET)
    NMI_Handler                              0x00000271   Thumb Code     2  startup.o(RESET)
    HardFault_Handler                        0x00000273   Thumb Code     2  startup.o(RESET)
    MemManage_Handler                        0x00000275   Thumb Code     2  startup.o(RESET)
    BusFault_Handler                         0x00000277   Thumb Code     2  startup.o(RESET)
    UsageFault_Handler                       0x00000279   Thumb Code     2  startup.o(RESET)
    SVC_Handler                              0x0000027b   Thumb Code     2  startup.o(RESET)
    DebugMon_Handler                         0x0000027d   Thumb Code     2  startup.o(RESET)
    PendSV_Handler                           0x0000027f   Thumb Code     2  startup.o(RESET)
    ADC0Seq0_Handler                         0x00000283   Thumb Code     0  startup.o(RESET)
    ADC0Seq1_Handler                         0x00000283   Thumb Code     0  startup.o(RESET)
    ADC0Seq2_Handler                         0x00000283   Thumb Code     0  startup.o(RESET)
    ADC0Seq3_Handler                         0x00000283   Thumb Code     0  startup.o(RESET)
    ADC1Seq0_Handler                         0x00000283   Thumb Code     0  startup.o(RESET)
    ADC1Seq1_Handler                         0x00000283   Thumb Code     0  startup.o(RESET)
    ADC1Seq2_Handler                         0x00000283   Thumb Code     0  startup.o(RESET)
    ADC1Seq3_Handler                         0x00000283   Thumb Code     0  startup.o(RESET)
    CAN0_Handler                             0x00000283   Thumb Code     0  startup.o(RESET)
    CAN1_Handler                             0x00000283   Thumb Code     0  startup.o(RESET)
    CAN2_Handler                             0x00000283   Thumb Code     0  startup.o(RESET)
    Comp0_Handler                            0x00000283   Thumb Code     0  startup.o(RESET)
    Comp1_Handler                            0x00000283   Thumb Code     0  startup.o(RESET)
    Comp2_Handler                            0x00000283   Thumb Code     0  startup.o(RESET)
    Ethernet_Handler                         0x00000283   Thumb Code     0  startup.o(RESET)
    ExtBus_Handler                           0x00000283   Thumb Code     0  startup.o(RESET)
    FPU_Handler                              0x00000283   Thumb Code     0  startup.o(RESET)
    Fan0_Handler                             0x00000283   Thumb Code     0  startup.o(RESET)
    FlashCtl_Handler                         0x00000283   Thumb Code     0  startup.o(RESET)
    GPIOPortA_Handler                        0x00000283   Thumb Code     0  startup.o(RESET)
    GPIOPortB_Handler                        0x00000283   Thumb Code     0  startup.o(RESET)
    GPIOPortC_Handler                        0x00000283   Thumb Code     0  startup.o(RESET)
    GPIOPortD_Handler                        0x00000283   Thumb Code     0  startup.o(RESET)
    GPIOPortE_Handler                        0x00000283   Thumb Code     0  startup.o(RESET)
    GPIOPortF_Handler                        0x00000283   Thumb Code     0  startup.o(RESET)
    GPIOPortG_Handler                        0x00000283   Thumb Code     0  startup.o(RESET)
    GPIOPortH_Handler                        0x00000283   Thumb Code     0  startup.o(RESET)
    GPIOPortJ_Handler                        0x00000283   Thumb Code     0  startup.o(RESET)
    GPIOPortK_Handler                        0x00000283   Thumb Code     0  startup.o(RESET)
    GPIOPortL_Handler                        0x00000283   Thumb Code     0  startup.o(RESET)
    GPIOPortM_Handler                        0x00000283   Thumb Code     0  startup.o(RESET)
    GPIOPortN_Handler                        0x00000283   Thumb Code     0  startup.o(RESET)
    GPIOPortP1_Handler                       0x00000283   Thumb Code     0  startup.o(RESET)
    GPIOPortP2_Handler                       0x00000283   Thumb Code     0  startup.o(RESET)
    GPIOPortP3_Handler                       0x00000283   Thumb Code     0  startup.o(RESET)
    GPIOPortP4_Handler                       0x00000283   Thumb Code     0  startup.o(RESET)
    GPIOPortP5_Handler                       0x00000283   Thumb Code     0  startup.o(RESET)
    GPIOPortP6_Handler                       0x00000283   Thumb Code     0  startup.o(RESET)
    GPIOPortP7_Handler                       0x00000283   Thumb Code     0  startup.o(RESET)
    GPIOPortP_Handler                        0x00000283   Thumb Code     0  startup.o(RESET)
    GPIOPortQ1_Handler                       0x00000283   Thumb Code     0  startup.o(RESET)
    GPIOPortQ2_Handler                       0x00000283   Thumb Code     0  startup.o(RESET)
    GPIOPortQ3_Handler                       0x00000283   Thumb Code     0  startup.o(RESET)
    GPIOPortQ4_Handler                       0x00000283   Thumb Code     0  startup.o(RESET)
    GPIOPortQ5_Handler                       0x00000283   Thumb Code     0  startup.o(RESET)
    GPIOPortQ6_Handler                       0x00000283   Thumb Code     0  startup.o(RESET)
    GPIOPortQ7_Handler                       0x00000283   Thumb Code     0  startup.o(RESET)
    GPIOPortQ_Handler                        0x00000283   Thumb Code     0  startup.o(RESET)
    GPIOPortR_Handler                        0x00000283   Thumb Code     0  startup.o(RESET)
    GPIOPortS_Handler                        0x00000283   Thumb Code     0  startup.o(RESET)
    Hibernate_Handler                        0x00000283   Thumb Code     0  startup.o(RESET)
    I2C0_Handler                             0x00000283   Thumb Code     0  startup.o(RESET)
    I2C1_Handler                             0x00000283   Thumb Code     0  startup.o(RESET)
    I2C2_Handler                             0x00000283   Thumb Code     0  startup.o(RESET)
    I2C3_Handler                             0x00000283   Thumb Code     0  startup.o(RESET)
    I2C4_Handler                             0x00000283   Thumb Code     0  startup.o(RESET)
    I2C5_Handler                             0x00000283   Thumb Code     0  startup.o(RESET)
    I2S0_Handler                             0x00000283   Thumb Code     0  startup.o(RESET)
    LPC0_Handler                             0x00000283   Thumb Code     0  startup.o(RESET)
    PECI0_Handler                            0x00000283   Thumb Code     0  startup.o(RESET)
    PWM0Fault_Handler                        0x00000283   Thumb Code     0  startup.o(RESET)
    PWM0Generator0_Handler                   0x00000283   Thumb Code     0  startup.o(RESET)
    PWM0Generator1_Handler                   0x00000283   Thumb Code     0  startup.o(RESET)
    PWM0Generator2_Handler                   0x00000283   Thumb Code     0  startup.o(RESET)
    PWM0Generator3_Handler                   0x00000283   Thumb Code     0  startup.o(RESET)
    PWM1Fault_Handler                        0x00000283   Thumb Code     0  startup.o(RESET)
    PWM1Generator0_Handler                   0x00000283   Thumb Code     0  startup.o(RESET)
    PWM1Generator1_Handler                   0x00000283   Thumb Code     0  startup.o(RESET)
    PWM1Generator2_Handler                   0x00000283   Thumb Code     0  startup.o(RESET)
    PWM1Generator3_Handler                   0x00000283   Thumb Code     0  startup.o(RESET)
    Quadrature0_Handler                      0x00000283   Thumb Code     0  startup.o(RESET)
    Quadrature1_Handler                      0x00000283   Thumb Code     0  startup.o(RESET)
    Quadrature2_Handler                      0x00000283   Thumb Code     0  startup.o(RESET)
    SSI0_Handler                             0x00000283   Thumb Code     0  startup.o(RESET)
    SSI1_Handler                             0x00000283   Thumb Code     0  startup.o(RESET)
    SSI2_Handler                             0x00000283   Thumb Code     0  startup.o(RESET)
    SSI3_Handler                             0x00000283   Thumb Code     0  startup.o(RESET)
    SysCtl_Handler                           0x00000283   Thumb Code     0  startup.o(RESET)
    Timer0A_Handler                          0x00000283   Thumb Code     0  startup.o(RESET)
    Timer0B_Handler                          0x00000283   Thumb Code     0  startup.o(RESET)
    Timer1A_Handler                          0x00000283   Thumb Code     0  startup.o(RESET)
    Timer1B_Handler                          0x00000283   Thumb Code     0  startup.o(RESET)
    Timer2B_Handler                          0x00000283   Thumb Code     0  startup.o(RESET)
    Timer3A_Handler                          0x00000283   Thumb Code     0  startup.o(RESET)
    Timer3B_Handler                          0x00000283   Thumb Code     0  startup.o(RESET)
    Timer4B_Handler                          0x00000283   Thumb Code     0  startup.o(RESET)
    Timer5B_Handler                          0x00000283   Thumb Code     0  startup.o(RESET)
    UART0_Handler                            0x00000283   Thumb Code     0  startup.o(RESET)
    UART1_Handler                            0x00000283   Thumb Code     0  startup.o(RESET)
    UART2_Handler                            0x00000283   Thumb Code     0  startup.o(RESET)
    UART3_Handler                            0x00000283   Thumb Code     0  startup.o(RESET)
    UART4_Handler                            0x00000283   Thumb Code     0  startup.o(RESET)
    UART5_Handler                            0x00000283   Thumb Code     0  startup.o(RESET)
    UART6_Handler                            0x00000283   Thumb Code     0  startup.o(RESET)
    UART7_Handler                            0x00000283   Thumb Code     0  startup.o(RESET)
    USB0_Handler                             0x00000283   Thumb Code     0  startup.o(RESET)
    WDT_Handler                              0x00000283   Thumb Code     0  startup.o(RESET)
    WideTimer0A_Handler                      0x00000283   Thumb Code     0  startup.o(RESET)
    WideTimer0B_Handler                      0x00000283   Thumb Code     0  startup.o(RESET)
    WideTimer1A_Handler                      0x00000283   Thumb Code     0  startup.o(RESET)
    WideTimer1B_Handler                      0x00000283   Thumb Code     0  startup.o(RESET)
    WideTimer2A_Handler                      0x00000283   Thumb Code     0  startup.o(RESET)
    WideTimer2B_Handler                      0x00000283   Thumb Code     0  startup.o(RESET)
    WideTimer3A_Handler                      0x00000283   Thumb Code     0  startup.o(RESET)
    WideTimer3B_Handler                      0x00000283   Thumb Code     0  startup.o(RESET)
    WideTimer4A_Handler                      0x00000283   Thumb Code     0  startup.o(RESET)
    WideTimer4B_Handler                      0x00000283   Thumb Code     0  startup.o(RESET)
    WideTimer5A_Handler                      0x00000283   Thumb Code     0  startup.o(RESET)
    WideTimer5B_Handler                      0x00000283   Thumb Code     0  startup.o(RESET)
    uDMA_Error                               0x00000283   Thumb Code     0  startup.o(RESET)
    uDMA_Handler                             0x00000283   Thumb Code     0  startup.o(RESET)
    __main                                   0x00000285   Thumb Code     8  __main.o(!!!main)
    __scatterload                            0x0000028d   Thumb Code     0  __scatter.o(!!!scatter)
    __scatterload_rt2                        0x0000028d   Thumb Code    44  __scatter.o(!!!scatter)
    __scatterload_rt2_thumb_only             0x0000028d   Thumb Code     0  __scatter.o(!!!scatter)
    __scatterload_null                       0x0000029b   Thumb Code     0  __scatter.o(!!!scatter)
    __scatterload_copy                       0x000002c1   Thumb Code    26  __scatter_copy.o(!!handler_copy)
    __scatterload_zeroinit                   0x000002dd   Thumb Code    28  __scatter_zi.o(!!handler_zi)
    __rt_lib_init                            0x000002f9   Thumb Code     0  libinit.o(.ARM.Collect$$libinit$$00000000)
    __rt_lib_init_alloca_1                   0x000002fb   Thumb Code     0  libinit2.o(.ARM.Collect$$libinit$$0000002C)
    __rt_lib_init_argv_1                     0x000002fb   Thumb Code     0  libinit2.o(.ARM.Collect$$libinit$$0000002A)
    __rt_lib_init_atexit_1                   0x000002fb   Thumb Code     0  libinit2.o(.ARM.Collect$$libinit$$00000019)
    __rt_lib_init_clock_1                    0x000002fb   Thumb Code     0  libinit2.o(.ARM.Collect$$libinit$$0000001F)
    __rt_lib_init_cpp_1                      0x000002fb   Thumb Code     0  libinit2.o(.ARM.Collect$$libinit$$00000030)
    __rt_lib_init_exceptions_1               0x000002fb   Thumb Code     0  libinit2.o(.ARM.Collect$$libinit$$0000002E)
    __rt_lib_init_fp_1                       0x000002fb   Thumb Code     0  libinit2.o(.ARM.Collect$$libinit$$00000002)
    __rt_lib_init_fp_trap_1                  0x000002fb   Thumb Code     0  libinit2.o(.ARM.Collect$$libinit$$0000001D)
    __rt_lib_init_getenv_1                   0x000002fb   Thumb Code     0  libinit2.o(.ARM.Collect$$libinit$$00000021)
    __rt_lib_init_heap_1                     0x000002fb   Thumb Code     0  libinit2.o(.ARM.Collect$$libinit$$00000008)
    __rt_lib_init_lc_collate_1               0x000002fb   Thumb Code     0  libinit2.o(.ARM.Collect$$libinit$$0000000F)
    __rt_lib_init_lc_ctype_1                 0x000002fb   Thumb Code     0  libinit2.o(.ARM.Collect$$libinit$$00000011)
    __rt_lib_init_lc_monetary_1              0x000002fb   Thumb Code     0  libinit2.o(.ARM.Collect$$libinit$$00000013)
    __rt_lib_init_lc_numeric_1               0x000002fb   Thumb Code     0  libinit2.o(.ARM.Collect$$libinit$$00000015)
    __rt_lib_init_lc_time_1                  0x000002fb   Thumb Code     0  libinit2.o(.ARM.Collect$$libinit$$00000017)
    __rt_lib_init_rand_1                     0x000002fb   Thumb Code     0  libinit2.o(.ARM.Collect$$libinit$$0000000C)
    __rt_lib_init_return                     0x000002fb   Thumb Code     0  libinit2.o(.ARM.Collect$$libinit$$00000031)
    __rt_lib_init_signal_1                   0x000002fb   Thumb Code     0  libinit2.o(.ARM.Collect$$libinit$$0000001B)
    __rt_lib_init_stdio_1                    0x000002fb   Thumb Code     0  libinit2.o(.ARM.Collect$$libinit$$00000023)
    __rt_lib_init_user_alloc_1               0x000002fb   Thumb Code     0  libinit2.o(.ARM.Collect$$libinit$$0000000A)
    __rt_lib_shutdown                        0x000002fd   Thumb Code     0  libshutdown.o(.ARM.Collect$$libshutdown$$00000000)
    __rt_lib_shutdown_fp_trap_1              0x000002ff   Thumb Code     0  libshutdown2.o(.ARM.Collect$$libshutdown$$00000006)
    __rt_lib_shutdown_heap_1                 0x000002ff   Thumb Code     0  libshutdown2.o(.ARM.Collect$$libshutdown$$0000000E)
    __rt_lib_shutdown_return                 0x000002ff   Thumb Code     0  libshutdown2.o(.ARM.Collect$$libshutdown$$0000000F)
    __rt_lib_shutdown_signal_1               0x000002ff   Thumb Code     0  libshutdown2.o(.ARM.Collect$$libshutdown$$00000009)
    __rt_lib_shutdown_stdio_1                0x000002ff   Thumb Code     0  libshutdown2.o(.ARM.Collect$$libshutdown$$00000003)
    __rt_lib_shutdown_user_alloc_1           0x000002ff   Thumb Code     0  libshutdown2.o(.ARM.Collect$$libshutdown$$0000000B)
    __rt_entry                               0x00000301   Thumb Code     0  rtentry.o(.ARM.Collect$$rtentry$$00000000)
    __rt_entry_presh_1                       0x00000301   Thumb Code     0  rtentry2.o(.ARM.Collect$$rtentry$$00000002)
    __rt_entry_sh                            0x00000301   Thumb Code     0  rtentry4.o(.ARM.Collect$$rtentry$$00000004)
    __rt_entry_li                            0x00000307   Thumb Code     0  rtentry2.o(.ARM.Collect$$rtentry$$0000000A)
    __rt_entry_postsh_1                      0x00000307   Thumb Code     0  rtentry2.o(.ARM.Collect$$rtentry$$00000009)
    __rt_entry_main                          0x0000030b   Thumb Code     0  rtentry2.o(.ARM.Collect$$rtentry$$0000000D)
    __rt_entry_postli_1                      0x0000030b   Thumb Code     0  rtentry2.o(.ARM.Collect$$rtentry$$0000000C)
    __rt_exit                                0x00000313   Thumb Code     0  rtexit.o(.ARM.Collect$$rtexit$$00000000)
    __rt_exit_ls                             0x00000315   Thumb Code     0  rtexit2.o(.ARM.Collect$$rtexit$$00000003)
    __rt_exit_prels_1                        0x00000315   Thumb Code     0  rtexit2.o(.ARM.Collect$$rtexit$$00000002)
    __rt_exit_exit                           0x00000319   Thumb Code     0  rtexit2.o(.ARM.Collect$$rtexit$$00000004)
    DisableInterrupts                        0x00000321   Thumb Code     0  startup.o(.text)
    EnableInterrupts                         0x00000325   Thumb Code     0  startup.o(.text)
    StartCritical                            0x00000329   Thumb Code     0  startup.o(.text)
    EndCritical                              0x00000331   Thumb Code     0  startup.o(.text)
    WaitForInterrupt                         0x00000337   Thumb Code     0  startup.o(.text)
    __user_initial_stackheap                 0x0000033b   Thumb Code     0  startup.o(.text)
    __use_two_region_memory                  0x00000351   Thumb Code     2  heapauxi.o(.text)
    __rt_heap_escrow$2region                 0x00000353   Thumb Code     2  heapauxi.o(.text)
    __rt_heap_expand$2region                 0x00000355   Thumb Code     2  heapauxi.o(.text)
    __user_setup_stackheap                   0x00000357   Thumb Code    74  sys_stackheap_outer.o(.text)
    exit                                     0x000003a1   Thumb Code    12  exit.o(.text)
    __user_libspace                          0x000003ad   Thumb Code     8  libspace.o(.text)
    __user_perproc_libspace                  0x000003ad   Thumb Code     0  libspace.o(.text)
    __user_perthread_libspace                0x000003ad   Thumb Code     0  libspace.o(.text)
    _sys_exit                                0x000003b5   Thumb Code     8  sys_exit.o(.text)
    __I$use$semihosting                      0x000003c1   Thumb Code     0  use_no_semi.o(.text)
    __use_no_semihosting_swi                 0x000003c1   Thumb Code     2  use_no_semi.o(.text)
    __semihosting_library_function           0x000003c3   Thumb Code     0  indicate_semi.o(.text)
    ADC0_INPUT_SET_X_POS                     0x000003c5   Thumb Code   220  adc.o(i.ADC0_INPUT_SET_X_POS)
    ADC1_In                                  0x000004a9   Thumb Code     6  texas.o(i.ADC1_In)
    ADC1_Init                                0x000004b5   Thumb Code   174  texas.o(i.ADC1_Init)
    ADC_INIT                                 0x00000589   Thumb Code   178  adc.o(i.ADC_INIT)
    DAC_Init                                 0x00000661   Thumb Code   100  dac.o(i.DAC_Init)
    DAC_Out                                  0x000006e1   Thumb Code     6  dac.o(i.DAC_Out)
    DRAW                                     0x000006ed   Thumb Code   234  spaceinvaders.o(i.DRAW)
    Delay100ms                               0x000007f1   Thumb Code    30  spaceinvaders.o(i.Delay100ms)
    ENEMY_SHOOT                              0x00000815   Thumb Code   252  spaceinvaders.o(i.ENEMY_SHOOT)
    LEVELUP_GAMEOVER_CHECK                   0x0000091d   Thumb Code   226  spaceinvaders.o(i.LEVELUP_GAMEOVER_CHECK)
    MISSILE_LASER_SHOOT_CHECK                0x00000a29   Thumb Code   312  spaceinvaders.o(i.MISSILE_LASER_SHOOT_CHECK)
    MOVE_L1                                  0x00000b7d   Thumb Code   408  spaceinvaders.o(i.MOVE_L1)
    MOVE_L2                                  0x00000d41   Thumb Code   396  spaceinvaders.o(i.MOVE_L2)
    MOVE_L3                                  0x00000ef9   Thumb Code   408  spaceinvaders.o(i.MOVE_L3)
    Nokia5110_Clear                          0x000010bd   Thumb Code    32  nokia5110.o(i.Nokia5110_Clear)
    Nokia5110_ClearBuffer                    0x000010dd   Thumb Code    20  nokia5110.o(i.Nokia5110_ClearBuffer)
    Nokia5110_DisplayBuffer                  0x000010f5   Thumb Code    10  nokia5110.o(i.Nokia5110_DisplayBuffer)
    Nokia5110_DrawFullImage                  0x00001105   Thumb Code    34  nokia5110.o(i.Nokia5110_DrawFullImage)
    Nokia5110_Init                           0x00001129   Thumb Code   316  nokia5110.o(i.Nokia5110_Init)
    Nokia5110_OutChar                        0x00001295   Thumb Code    52  nokia5110.o(i.Nokia5110_OutChar)
    Nokia5110_OutString                      0x000012cd   Thumb Code    22  nokia5110.o(i.Nokia5110_OutString)
    Nokia5110_PrintBMP                       0x000012e5   Thumb Code   420  nokia5110.o(i.Nokia5110_PrintBMP)
    Nokia5110_SetCursor                      0x0000148d   Thumb Code    48  nokia5110.o(i.Nokia5110_SetCursor)
    PLL_Init                                 0x000014bd   Thumb Code   118  texas.o(i.PLL_Init)
    Play                                     0x00001539   Thumb Code    56  sound.o(i.Play)
    Player_Ship_enemy_missile_explosion_L1_init 0x00001581   Thumb Code   224  spaceinvaders.o(i.Player_Ship_enemy_missile_explosion_L1_init)
    Player_Ship_enemy_missile_explosion_L2_init 0x000016dd   Thumb Code   212  spaceinvaders.o(i.Player_Ship_enemy_missile_explosion_L2_init)
    Player_Ship_enemy_missile_explosion_L3_init 0x00001821   Thumb Code   212  spaceinvaders.o(i.Player_Ship_enemy_missile_explosion_L3_init)
    SWITCHES_INIT                            0x00001965   Thumb Code    70  switches.o(i.SWITCHES_INIT)
    SW_INPUT                                 0x000019b5   Thumb Code    42  switches.o(i.SW_INPUT)
    SetCode                                  0x000019e5   Thumb Code    20  texas.o(i.SetCode)
    SetCourse                                0x000019fd   Thumb Code    20  texas.o(i.SetCourse)
    Sound_Explosion                          0x00001a15   Thumb Code    14  sound.o(i.Sound_Explosion)
    Sound_Init                               0x00001a29   Thumb Code    22  sound.o(i.Sound_Init)
    Sound_Killed                             0x00001a49   Thumb Code    14  sound.o(i.Sound_Killed)
    Sound_Play                               0x00001a5d   Thumb Code    32  sound.o(i.Sound_Play)
    Sound_Shoot                              0x00001a91   Thumb Code    14  sound.o(i.Sound_Shoot)
    SysTick_Handler                          0x00001aa5   Thumb Code   490  spaceinvaders.o(i.SysTick_Handler)
    Systick_init                             0x00001cbd   Thumb Code    42  systick.o(i.Systick_init)
    TExaS_Init                               0x00001cf1   Thumb Code   324  texas.o(i.TExaS_Init)
    TIMER2_INIT                              0x00001eb5   Thumb Code    92  timer2.o(i.TIMER2_INIT)
    Timer2A_Handler                          0x00001f21   Thumb Code    14  sound.o(i.Timer2A_Handler)
    Timer4A_Handler                          0x00001f35   Thumb Code    20  texas.o(i.Timer4A_Handler)
    Timer5A_Handler                          0x00001f55   Thumb Code    34  texas.o(i.Timer5A_Handler)
    UART0_Init                               0x00001f85   Thumb Code   160  texas.o(i.UART0_Init)
    main                                     0x00002091   Thumb Code   414  spaceinvaders.o(i.main)
    PlayerShip0                              0x00002490   Data         215  spaceinvaders.o(.constdata)
    SmallEnemy30PointA                       0x00002567   Data         199  spaceinvaders.o(.constdata)
    SmallEnemy30PointB                       0x0000262e   Data         199  spaceinvaders.o(.constdata)
    SmallEnemy20PointA                       0x000026f5   Data         199  spaceinvaders.o(.constdata)
    SmallEnemy20PointB                       0x000027bc   Data         199  spaceinvaders.o(.constdata)
    SmallEnemy10PointA                       0x00002883   Data         199  spaceinvaders.o(.constdata)
    SmallEnemy10PointB                       0x0000294a   Data         199  spaceinvaders.o(.constdata)
    SmallEnemyBonus0                         0x00002a11   Data         203  spaceinvaders.o(.constdata)
    Bunker0                                  0x00002adc   Data         179  spaceinvaders.o(.constdata)
    Bunker1                                  0x00002b8f   Data         179  spaceinvaders.o(.constdata)
    Bunker2                                  0x00002c42   Data         179  spaceinvaders.o(.constdata)
    Bunker3                                  0x00002cf5   Data         179  spaceinvaders.o(.constdata)
    BigExplosion0                            0x00002da8   Data         215  spaceinvaders.o(.constdata)
    BigExplosion1                            0x00002e7f   Data         215  spaceinvaders.o(.constdata)
    SmallExplosion0                          0x00002f56   Data         199  spaceinvaders.o(.constdata)
    SmallExplosion1                          0x0000301d   Data         199  spaceinvaders.o(.constdata)
    Missile0                                 0x000030e4   Data         155  spaceinvaders.o(.constdata)
    Missile1                                 0x0000317f   Data         155  spaceinvaders.o(.constdata)
    Missile2                                 0x0000321a   Data         155  spaceinvaders.o(.constdata)
    Laser0                                   0x000032b5   Data         155  spaceinvaders.o(.constdata)
    Laser1                                   0x00003350   Data         155  spaceinvaders.o(.constdata)
    NoInputMsg                               0x000035cb   Data          40  texas.o(.constdata)
    OutputPortMsg0                           0x000035f3   Data          40  texas.o(.constdata)
    OutputPortMsg1                           0x0000361b   Data          40  texas.o(.constdata)
    OutputPortMsg2                           0x00003643   Data          40  texas.o(.constdata)
    OutputPortMsg3                           0x0000366b   Data          40  texas.o(.constdata)
    BlankMsg                                 0x00003693   Data          40  texas.o(.constdata)
    InitializedMsg                           0x000036bb   Data          40  texas.o(.constdata)
    IntroMsg                                 0x000036e3   Data          40  texas.o(.constdata)
    DoneMsg                                  0x0000370b   Data          40  texas.o(.constdata)
    shoot                                    0x00003733   Data        4080  sound.o(.constdata)
    invaderkilled                            0x00004723   Data        3377  sound.o(.constdata)
    explosion                                0x00005454   Data        2000  sound.o(.constdata)
    fastinvader1                             0x00005c24   Data         982  sound.o(.constdata)
    fastinvader2                             0x00005ffa   Data        1042  sound.o(.constdata)
    fastinvader3                             0x0000640c   Data        1054  sound.o(.constdata)
    fastinvader4                             0x0000682a   Data        1098  sound.o(.constdata)
    highpitch                                0x00006c74   Data        1802  sound.o(.constdata)
    Region$$Table$$Base                      0x00007380   Number         0  anon$$obj.o(Region$$Table)
    Region$$Table$$Limit                     0x000073a0   Number         0  anon$$obj.o(Region$$Table)
    TimerCount                               0x20000000   Data           4  spaceinvaders.o(.data)
    SW_PRESSED                               0x20000004   Data           4  spaceinvaders.o(.data)
    FIRE_MISSILE_FLAG                        0x20000008   Data           4  spaceinvaders.o(.data)
    enemy_right_flag                         0x2000000c   Data           4  spaceinvaders.o(.data)
    enemy_left_flag                          0x20000010   Data           4  spaceinvaders.o(.data)
    enemy_downR_flag                         0x20000014   Data           4  spaceinvaders.o(.data)
    enemy_downL_flag                         0x20000018   Data           4  spaceinvaders.o(.data)
    enemy_right_count                        0x2000001c   Data           4  spaceinvaders.o(.data)
    enemy_left_count                         0x20000020   Data           4  spaceinvaders.o(.data)
    enemy_downR_count                        0x20000024   Data           4  spaceinvaders.o(.data)
    enemy_downL_count                        0x20000028   Data           4  spaceinvaders.o(.data)
    missile_count                            0x2000002c   Data           4  spaceinvaders.o(.data)
    explosion_count                          0x20000030   Data           4  spaceinvaders.o(.data)
    enemy_laser_count                        0x20000034   Data           4  spaceinvaders.o(.data)
    LEVEL1_FLAG                              0x20000038   Data           4  spaceinvaders.o(.data)
    LEVEL2_FLAG                              0x2000003c   Data           4  spaceinvaders.o(.data)
    LEVEL3_FLAG                              0x20000040   Data           4  spaceinvaders.o(.data)
    INSIDE_WHILE_L1                          0x20000044   Data           4  spaceinvaders.o(.data)
    INSIDE_WHILE_L2                          0x20000048   Data           4  spaceinvaders.o(.data)
    INSIDE_WHILE_L3                          0x2000004c   Data           4  spaceinvaders.o(.data)
    WINNER                                   0x20000050   Data           4  spaceinvaders.o(.data)
    LOSER                                    0x20000054   Data           4  spaceinvaders.o(.data)
    Semaphore1                               0x20000058   Data           4  spaceinvaders.o(.data)
    Semaphore2                               0x2000005c   Data           4  spaceinvaders.o(.data)
    Semaphore3                               0x20000060   Data           4  spaceinvaders.o(.data)
    TExaS_Period                             0x20000064   Data           4  texas.o(.data)
    TExaS_Ports                              0x20000068   Data           8  texas.o(.data)
    Display                                  0x20000070   Data           1  texas.o(.data)
    TExaS_Meter                              0x20000074   Data           4  texas.o(.data)
    ADCnum                                   0x20000078   Data           4  texas.o(.data)
    LastMode                                 0x2000007c   Data           4  texas.o(.data)
    bFlag                                    0x20000080   Data           4  texas.o(.data)
    Count                                    0x20000084   Data           4  texas.o(.data)
    DelayBetweenTests                        0x20000088   Data           4  texas.o(.data)
    TExaS_Test                               0x2000008c   Data           4  texas.o(.data)
    ScopeMode                                0x20000090   Data           4  texas.o(.data)
    ScopeCount                               0x20000094   Data           4  texas.o(.data)
    Index                                    0x20000098   Data           4  sound.o(.data)
    Sound_Count                              0x2000009c   Data           4  sound.o(.data)
    Wave                                     0x200000a0   Data           4  sound.o(.data)
    Screen                                   0x200000a4   Data         504  nokia5110.o(.bss)
    missile                                  0x2000029c   Data          64  spaceinvaders.o(.bss)
    enemy                                    0x200002dc   Data          64  spaceinvaders.o(.bss)
    Explosion                                0x2000031c   Data          64  spaceinvaders.o(.bss)
    Enemy_Laser                              0x2000035c   Data          64  spaceinvaders.o(.bss)
    Player_Ship                              0x2000039c   Data          16  spaceinvaders.o(.bss)
    Player_explosion                         0x200003ac   Data          16  spaceinvaders.o(.bss)
    TExaS                                    0x200003c0   Data          56  texas.o(.bss)
    __libspace_start                         0x200003f8   Data          96  libspace.o(.bss)
    __temporary_stack_top$libspace           0x20000458   Data           0  libspace.o(.bss)



==============================================================================

Memory Map of the image

  Image Entry point : 0x0000026d

  Load Region LR_1 (Base: 0x00000000, Size: 0x00007444, Max: 0xffffffff, ABSOLUTE)

    Execution Region ER_RO (Base: 0x00000000, Size: 0x000073a0, Max: 0xffffffff, ABSOLUTE)

    Base Addr    Size         Type   Attr      Idx    E Section Name        Object

    0x00000000   0x00000284   Code   RO            3  * RESET               startup.o
    0x00000284   0x00000008   Code   RO          498  * !!!main             c_w.l(__main.o)
    0x0000028c   0x00000034   Code   RO          652    !!!scatter          c_w.l(__scatter.o)
    0x000002c0   0x0000001a   Code   RO          654    !!handler_copy      c_w.l(__scatter_copy.o)
    0x000002da   0x00000002   PAD
    0x000002dc   0x0000001c   Code   RO          656    !!handler_zi        c_w.l(__scatter_zi.o)
    0x000002f8   0x00000002   Code   RO          525    .ARM.Collect$$libinit$$00000000  c_w.l(libinit.o)
    0x000002fa   0x00000000   Code   RO          532    .ARM.Collect$$libinit$$00000002  c_w.l(libinit2.o)
    0x000002fa   0x00000000   Code   RO          535    .ARM.Collect$$libinit$$00000008  c_w.l(libinit2.o)
    0x000002fa   0x00000000   Code   RO          537    .ARM.Collect$$libinit$$0000000A  c_w.l(libinit2.o)
    0x000002fa   0x00000000   Code   RO          539    .ARM.Collect$$libinit$$0000000C  c_w.l(libinit2.o)
    0x000002fa   0x00000000   Code   RO          542    .ARM.Collect$$libinit$$0000000F  c_w.l(libinit2.o)
    0x000002fa   0x00000000   Code   RO          544    .ARM.Collect$$libinit$$00000011  c_w.l(libinit2.o)
    0x000002fa   0x00000000   Code   RO          546    .ARM.Collect$$libinit$$00000013  c_w.l(libinit2.o)
    0x000002fa   0x00000000   Code   RO          548    .ARM.Collect$$libinit$$00000015  c_w.l(libinit2.o)
    0x000002fa   0x00000000   Code   RO          550    .ARM.Collect$$libinit$$00000017  c_w.l(libinit2.o)
    0x000002fa   0x00000000   Code   RO          552    .ARM.Collect$$libinit$$00000019  c_w.l(libinit2.o)
    0x000002fa   0x00000000   Code   RO          554    .ARM.Collect$$libinit$$0000001B  c_w.l(libinit2.o)
    0x000002fa   0x00000000   Code   RO          556    .ARM.Collect$$libinit$$0000001D  c_w.l(libinit2.o)
    0x000002fa   0x00000000   Code   RO          558    .ARM.Collect$$libinit$$0000001F  c_w.l(libinit2.o)
    0x000002fa   0x00000000   Code   RO          560    .ARM.Collect$$libinit$$00000021  c_w.l(libinit2.o)
    0x000002fa   0x00000000   Code   RO          562    .ARM.Collect$$libinit$$00000023  c_w.l(libinit2.o)
    0x000002fa   0x00000000   Code   RO          566    .ARM.Collect$$libinit$$0000002A  c_w.l(libinit2.o)
    0x000002fa   0x00000000   Code   RO          568    .ARM.Collect$$libinit$$0000002C  c_w.l(libinit2.o)
    0x000002fa   0x00000000   Code   RO          570    .ARM.Collect$$libinit$$0000002E  c_w.l(libinit2.o)
    0x000002fa   0x00000000   Code   RO          572    .ARM.Collect$$libinit$$00000030  c_w.l(libinit2.o)
    0x000002fa   0x00000002   Code   RO          573    .ARM.Collect$$libinit$$00000031  c_w.l(libinit2.o)
    0x000002fc   0x00000002   Code   RO          593    .ARM.Collect$$libshutdown$$00000000  c_w.l(libshutdown.o)
    0x000002fe   0x00000000   Code   RO          607    .ARM.Collect$$libshutdown$$00000003  c_w.l(libshutdown2.o)
    0x000002fe   0x00000000   Code   RO          610    .ARM.Collect$$libshutdown$$00000006  c_w.l(libshutdown2.o)
    0x000002fe   0x00000000   Code   RO          613    .ARM.Collect$$libshutdown$$00000009  c_w.l(libshutdown2.o)
    0x000002fe   0x00000000   Code   RO          615    .ARM.Collect$$libshutdown$$0000000B  c_w.l(libshutdown2.o)
    0x000002fe   0x00000000   Code   RO          618    .ARM.Collect$$libshutdown$$0000000E  c_w.l(libshutdown2.o)
    0x000002fe   0x00000002   Code   RO          619    .ARM.Collect$$libshutdown$$0000000F  c_w.l(libshutdown2.o)
    0x00000300   0x00000000   Code   RO          500    .ARM.Collect$$rtentry$$00000000  c_w.l(rtentry.o)
    0x00000300   0x00000000   Code   RO          502    .ARM.Collect$$rtentry$$00000002  c_w.l(rtentry2.o)
    0x00000300   0x00000006   Code   RO          514    .ARM.Collect$$rtentry$$00000004  c_w.l(rtentry4.o)
    0x00000306   0x00000000   Code   RO          504    .ARM.Collect$$rtentry$$00000009  c_w.l(rtentry2.o)
    0x00000306   0x00000004   Code   RO          505    .ARM.Collect$$rtentry$$0000000A  c_w.l(rtentry2.o)
    0x0000030a   0x00000000   Code   RO          507    .ARM.Collect$$rtentry$$0000000C  c_w.l(rtentry2.o)
    0x0000030a   0x00000008   Code   RO          508    .ARM.Collect$$rtentry$$0000000D  c_w.l(rtentry2.o)
    0x00000312   0x00000002   Code   RO          529    .ARM.Collect$$rtexit$$00000000  c_w.l(rtexit.o)
    0x00000314   0x00000000   Code   RO          575    .ARM.Collect$$rtexit$$00000002  c_w.l(rtexit2.o)
    0x00000314   0x00000004   Code   RO          576    .ARM.Collect$$rtexit$$00000003  c_w.l(rtexit2.o)
    0x00000318   0x00000006   Code   RO          577    .ARM.Collect$$rtexit$$00000004  c_w.l(rtexit2.o)
    0x0000031e   0x00000002   PAD
    0x00000320   0x00000030   Code   RO            4    .text               startup.o
    0x00000350   0x00000006   Code   RO          496    .text               c_w.l(heapauxi.o)
    0x00000356   0x0000004a   Code   RO          516    .text               c_w.l(sys_stackheap_outer.o)
    0x000003a0   0x0000000c   Code   RO          518    .text               c_w.l(exit.o)
    0x000003ac   0x00000008   Code   RO          526    .text               c_w.l(libspace.o)
    0x000003b4   0x0000000c   Code   RO          585    .text               c_w.l(sys_exit.o)
    0x000003c0   0x00000002   Code   RO          596    .text               c_w.l(use_no_semi.o)
    0x000003c2   0x00000000   Code   RO          598    .text               c_w.l(indicate_semi.o)
    0x000003c2   0x00000002   PAD
    0x000003c4   0x000000e4   Code   RO          329    i.ADC0_INPUT_SET_X_POS  adc.o
    0x000004a8   0x0000000c   Code   RO          210    i.ADC1_In           texas.o
    0x000004b4   0x000000d4   Code   RO          211    i.ADC1_Init         texas.o
    0x00000588   0x000000d8   Code   RO          330    i.ADC_INIT          adc.o
    0x00000660   0x00000080   Code   RO          464    i.DAC_Init          dac.o
    0x000006e0   0x0000000c   Code   RO          465    i.DAC_Out           dac.o
    0x000006ec   0x00000104   Code   RO          107    i.DRAW              spaceinvaders.o
    0x000007f0   0x00000024   Code   RO          108    i.Delay100ms        spaceinvaders.o
    0x00000814   0x00000108   Code   RO          109    i.ENEMY_SHOOT       spaceinvaders.o
    0x0000091c   0x0000010c   Code   RO          110    i.LEVELUP_GAMEOVER_CHECK  spaceinvaders.o
    0x00000a28   0x00000154   Code   RO          111    i.MISSILE_LASER_SHOOT_CHECK  spaceinvaders.o
    0x00000b7c   0x000001c4   Code   RO          112    i.MOVE_L1           spaceinvaders.o
    0x00000d40   0x000001b8   Code   RO          113    i.MOVE_L2           spaceinvaders.o
    0x00000ef8   0x000001c4   Code   RO          114    i.MOVE_L3           spaceinvaders.o
    0x000010bc   0x00000020   Code   RO           12    i.Nokia5110_Clear   nokia5110.o
    0x000010dc   0x00000018   Code   RO           13    i.Nokia5110_ClearBuffer  nokia5110.o
    0x000010f4   0x00000010   Code   RO           15    i.Nokia5110_DisplayBuffer  nokia5110.o
    0x00001104   0x00000022   Code   RO           16    i.Nokia5110_DrawFullImage  nokia5110.o
    0x00001126   0x00000002   PAD
    0x00001128   0x0000016c   Code   RO           17    i.Nokia5110_Init    nokia5110.o
    0x00001294   0x00000038   Code   RO           18    i.Nokia5110_OutChar  nokia5110.o
    0x000012cc   0x00000016   Code   RO           19    i.Nokia5110_OutString  nokia5110.o
    0x000012e2   0x00000002   PAD
    0x000012e4   0x000001a8   Code   RO           21    i.Nokia5110_PrintBMP  nokia5110.o
    0x0000148c   0x00000030   Code   RO           22    i.Nokia5110_SetCursor  nokia5110.o
    0x000014bc   0x0000007c   Code   RO          212    i.PLL_Init          texas.o
    0x00001538   0x00000048   Code   RO          382    i.Play              sound.o
    0x00001580   0x0000015c   Code   RO          115    i.Player_Ship_enemy_missile_explosion_L1_init  spaceinvaders.o
    0x000016dc   0x00000144   Code   RO          116    i.Player_Ship_enemy_missile_explosion_L2_init  spaceinvaders.o
    0x00001820   0x00000144   Code   RO          117    i.Player_Ship_enemy_missile_explosion_L3_init  spaceinvaders.o
    0x00001964   0x00000050   Code   RO          364    i.SWITCHES_INIT     switches.o
    0x000019b4   0x00000030   Code   RO          365    i.SW_INPUT          switches.o
    0x000019e4   0x00000018   Code   RO          213    i.SetCode           texas.o
    0x000019fc   0x00000018   Code   RO          214    i.SetCourse         texas.o
    0x00001a14   0x00000014   Code   RO          383    i.Sound_Explosion   sound.o
    0x00001a28   0x00000020   Code   RO          389    i.Sound_Init        sound.o
    0x00001a48   0x00000014   Code   RO          390    i.Sound_Killed      sound.o
    0x00001a5c   0x00000034   Code   RO          391    i.Sound_Play        sound.o
    0x00001a90   0x00000014   Code   RO          392    i.Sound_Shoot       sound.o
    0x00001aa4   0x00000218   Code   RO          118    i.SysTick_Handler   spaceinvaders.o
    0x00001cbc   0x00000034   Code   RO          350    i.Systick_init      systick.o
    0x00001cf0   0x000001c4   Code   RO          218    i.TExaS_Init        texas.o
    0x00001eb4   0x0000006c   Code   RO          482    i.TIMER2_INIT       timer2.o
    0x00001f20   0x00000014   Code   RO          393    i.Timer2A_Handler   sound.o
    0x00001f34   0x00000020   Code   RO          220    i.Timer4A_Handler   texas.o
    0x00001f54   0x00000030   Code   RO          221    i.Timer5A_Handler   texas.o
    0x00001f84   0x000000c0   Code   RO          224    i.UART0_Init        texas.o
    0x00002044   0x0000004c   Code   RO           24    i.lcdwrite          nokia5110.o
    0x00002090   0x00000220   Code   RO          119    i.main              spaceinvaders.o
    0x000022b0   0x000001e0   Data   RO           26    .constdata          nokia5110.o
    0x00002490   0x0000113b   Data   RO          121    .constdata          spaceinvaders.o
    0x000035cb   0x00000168   Data   RO          229    .constdata          texas.o
    0x00003733   0x00003c4b   Data   RO          394    .constdata          sound.o
    0x0000737e   0x00000002   PAD
    0x00007380   0x00000020   Data   RO          650    Region$$Table       anon$$obj.o


    Execution Region ER_RW (Base: 0x20000000, Size: 0x000000a4, Max: 0xffffffff, ABSOLUTE)

    Base Addr    Size         Type   Attr      Idx    E Section Name        Object

    0x20000000   0x00000064   Data   RW          122    .data               spaceinvaders.o
    0x20000064   0x00000034   Data   RW          230    .data               texas.o
    0x20000098   0x0000000c   Data   RW          395    .data               sound.o


    Execution Region ER_ZI (Base: 0x200000a4, Size: 0x000007b4, Max: 0xffffffff, ABSOLUTE)

    Base Addr    Size         Type   Attr      Idx    E Section Name        Object

    0x200000a4   0x000001f8   Zero   RW           25    .bss                nokia5110.o
    0x2000029c   0x00000120   Zero   RW          120    .bss                spaceinvaders.o
    0x200003bc   0x00000004   PAD
    0x200003c0   0x00000038   Zero   RW          228    .bss                texas.o
    0x200003f8   0x00000060   Zero   RW          527    .bss                c_w.l(libspace.o)
    0x20000458   0x00000000   Zero   RW            2    HEAP                startup.o
    0x20000458   0x00000400   Zero   RW            1    STACK               startup.o


==============================================================================

Image component sizes


      Code (inc. data)   RO Data    RW Data    ZI Data      Debug   Object Name

       444         46          0          0          0       1038   adc.o
       140         34          0          0          0        765   dac.o
      1096         76        480          0        504       8529   nokia5110.o
       236         70      15435         12          0       3531   sound.o
      4588        770       4411        100        288      12651   spaceinvaders.o
       692        632          0          0       1024        868   startup.o
       128         16          0          0          0        787   switches.o
        52         10          0          0          0        351   systick.o
      1120        244        360         52         56      15392   texas.o
       108         16          0          0          0        418   timer2.o

    ----------------------------------------------------------------------
      8608       1914      20720        164       1876      44330   Object Totals
         0          0         32          0          0          0   (incl. Generated)
         4          0          2          0          4          0   (incl. Padding)

    ----------------------------------------------------------------------

      Code (inc. data)   RO Data    RW Data    ZI Data      Debug   Library Member Name

         8          0          0          0          0         68   __main.o
        52          8          0          0          0          0   __scatter.o
        26          0          0          0          0          0   __scatter_copy.o
        28          0          0          0          0          0   __scatter_zi.o
        12          0          0          0          0         72   exit.o
         6          0          0          0          0        152   heapauxi.o
         0          0          0          0          0          0   indicate_semi.o
         2          0          0          0          0          0   libinit.o
         2          0          0          0          0          0   libinit2.o
         2          0          0          0          0          0   libshutdown.o
         2          0          0          0          0          0   libshutdown2.o
         8          4          0          0         96         68   libspace.o
         0          0          0          0          0          0   rtentry.o
        12          0          0          0          0          0   rtentry2.o
         6          0          0          0          0          0   rtentry4.o
         2          0          0          0          0          0   rtexit.o
        10          0          0          0          0          0   rtexit2.o
        12          4          0          0          0         68   sys_exit.o
        74          0          0          0          0         80   sys_stackheap_outer.o
         2          0          0          0          0         68   use_no_semi.o

    ----------------------------------------------------------------------
       272         16          0          0         96        576   Library Totals
         6          0          0          0          0          0   (incl. Padding)

    ----------------------------------------------------------------------

      Code (inc. data)   RO Data    RW Data    ZI Data      Debug   Library Name

       266         16          0          0         96        576   c_w.l

    ----------------------------------------------------------------------
       272         16          0          0         96        576   Library Totals

    ----------------------------------------------------------------------

==============================================================================


      Code (inc. data)   RO Data    RW Data    ZI Data      Debug   

      8880       1930      20720        164       1972      42410   Grand Totals
      8880       1930      20720        164       1972      42410   ELF Image Totals
      8880       1930      20720        164          0          0   ROM Totals

==============================================================================

    Total RO  Size (Code + RO Data)                29600 (  28.91kB)
    Total RW  Size (RW Data + ZI Data)              2136 (   2.09kB)
    Total ROM Size (Code + RO Data + RW Data)      29764 (  29.07kB)

==============================================================================

